// Vitest Snapshot v1, https://vitest.dev/guide/snapshot.html

exports[`Liquidity · english copy golden master > amount is not a number 1`] = `
[
  "/// P-3",
  "YOUR LIQUIDITY · QMT/TQUOTE",
  "Infinity PositionManager · full range · 0.30% pool fee accrues to LPs",
  "POOL DEPTH · TQUOTE",
  "50000000.00B",
  "all LPs incl. genesis",
  "POOL DEPTH · QMT",
  "5.00M",
  "all LPs incl. genesis",
  "MY POSITION · TQUOTE",
  "0",
  "0 positions",
  "MY POSITION · QMT",
  "0",
  "withdrawable any time",
  "TQUOTE TO DEPOSIT",
  "[placeholder] e.g. 5",
  "NOT A NUMBER",
  "Slippage",
  "[aria-label] LP slippage tolerance",
  "0.5%",
  "1%",
  "2%",
  "5%",
  "1",
  "·",
  "QMT →P2",
  "2",
  "·",
  "P2 →QMT",
  "3",
  "·",
  "TQUOTE →P2",
  "4",
  "·",
  "P2 →TQUOTE",
  "5",
  "·",
  "Deposit",
  "[title] That is not a number this field can send as TQUOTE.",
  "Check the amount",
  "→ That is not a number this field can send as TQUOTE.",
]
`;

exports[`Liquidity · english copy golden master > amount is not a number 2`] = `"/// P-3YOUR LIQUIDITY · QMT/TQUOTEInfinity PositionManager · full range · 0.30% pool fee accrues to LPsPOOL DEPTH · TQUOTE50000000.00Ball LPs incl. genesisPOOL DEPTH · QMT5.00Mall LPs incl. genesisMY POSITION · TQUOTE00 positionsMY POSITION · QMT0withdrawable any timeTQUOTE TO DEPOSITNOT A NUMBERSlippage0.5%1%2%5%1 · QMT →P22 · P2 →QMT3 · TQUOTE →P24 · P2 →TQUOTE5 · DepositCheck the amount→ That is not a number this field can send as TQUOTE."`;

exports[`Liquidity · english copy golden master > clock not yet synced 1`] = `
[
  "/// P-3",
  "YOUR LIQUIDITY · QMT/TQUOTE",
  "Infinity PositionManager · full range · 0.30% pool fee accrues to LPs",
  "POOL DEPTH · TQUOTE",
  "50000000.00B",
  "all LPs incl. genesis",
  "POOL DEPTH · QMT",
  "5.00M",
  "all LPs incl. genesis",
  "MY POSITION · TQUOTE",
  "0",
  "0 positions",
  "MY POSITION · QMT",
  "0",
  "withdrawable any time",
  "TQUOTE TO DEPOSIT",
  "[placeholder] e.g. 5",
  "PAIRS WITH 1.00e-9 QMT AT THE CURRENT PRICE",
  "Slippage",
  "[aria-label] LP slippage tolerance",
  "0.5%",
  "1%",
  "2%",
  "5%",
  "1",
  "·",
  "QMT →P2",
  "2",
  "·",
  "P2 →QMT",
  "3",
  "·",
  "TQUOTE →P2",
  "4",
  "·",
  "P2 →TQUOTE",
  "5",
  "·",
  "Deposit",
  "[title] Every signature below carries a deadline derived from the wall clock. Until it syncs, that deadline would land in 1970 and Permit2 would reject the position.",
  "Syncing the clock…",
  "→ Every signature below carries a deadline derived from the wall clock. Until it syncs, that deadline would land in 1970 and Permit2 would reject the position.",
]
`;

exports[`Liquidity · english copy golden master > clock not yet synced 2`] = `"/// P-3YOUR LIQUIDITY · QMT/TQUOTEInfinity PositionManager · full range · 0.30% pool fee accrues to LPsPOOL DEPTH · TQUOTE50000000.00Ball LPs incl. genesisPOOL DEPTH · QMT5.00Mall LPs incl. genesisMY POSITION · TQUOTE00 positionsMY POSITION · QMT0withdrawable any timeTQUOTE TO DEPOSITPAIRS WITH 1.00e-9 QMT AT THE CURRENT PRICESlippage0.5%1%2%5%1 · QMT →P22 · P2 →QMT3 · TQUOTE →P24 · P2 →TQUOTE5 · DepositSyncing the clock…→ Every signature below carries a deadline derived from the wall clock. Until it syncs, that deadline would land in 1970 and Permit2 would reject the position."`;

exports[`Liquidity · english copy golden master > no amount yet, no positions 1`] = `
[
  "/// P-3",
  "YOUR LIQUIDITY · QMT/TQUOTE",
  "Infinity PositionManager · full range · 0.30% pool fee accrues to LPs",
  "POOL DEPTH · TQUOTE",
  "50000000.00B",
  "all LPs incl. genesis",
  "POOL DEPTH · QMT",
  "5.00M",
  "all LPs incl. genesis",
  "MY POSITION · TQUOTE",
  "0",
  "0 positions",
  "MY POSITION · QMT",
  "0",
  "withdrawable any time",
  "TQUOTE TO DEPOSIT",
  "[placeholder] e.g. 5",
  "FULL RANGE · BOTH LEGS REQUIRED · WITHDRAW ANY TIME",
  "Slippage",
  "[aria-label] LP slippage tolerance",
  "0.5%",
  "1%",
  "2%",
  "5%",
  "1",
  "·",
  "QMT →P2",
  "2",
  "·",
  "P2 →QMT",
  "3",
  "·",
  "TQUOTE →P2",
  "4",
  "·",
  "P2 →TQUOTE",
  "5",
  "·",
  "Deposit",
  "[title] Enter the amount of TQUOTE to put into the pool.",
  "Enter an amount",
  "→ Enter the amount of TQUOTE to put into the pool.",
]
`;

exports[`Liquidity · english copy golden master > no amount yet, no positions 2`] = `"/// P-3YOUR LIQUIDITY · QMT/TQUOTEInfinity PositionManager · full range · 0.30% pool fee accrues to LPsPOOL DEPTH · TQUOTE50000000.00Ball LPs incl. genesisPOOL DEPTH · QMT5.00Mall LPs incl. genesisMY POSITION · TQUOTE00 positionsMY POSITION · QMT0withdrawable any timeTQUOTE TO DEPOSITFULL RANGE · BOTH LEGS REQUIRED · WITHDRAW ANY TIMESlippage0.5%1%2%5%1 · QMT →P22 · P2 →QMT3 · TQUOTE →P24 · P2 →TQUOTE5 · DepositEnter an amount→ Enter the amount of TQUOTE to put into the pool."`;

exports[`Liquidity · english copy golden master > not enough of the quote asset 1`] = `
[
  "/// P-3",
  "YOUR LIQUIDITY · QMT/TQUOTE",
  "Infinity PositionManager · full range · 0.30% pool fee accrues to LPs",
  "POOL DEPTH · TQUOTE",
  "50000000.00B",
  "all LPs incl. genesis",
  "POOL DEPTH · QMT",
  "5.00M",
  "all LPs incl. genesis",
  "MY POSITION · TQUOTE",
  "0",
  "0 positions",
  "MY POSITION · QMT",
  "0",
  "withdrawable any time",
  "TQUOTE TO DEPOSIT",
  "[placeholder] e.g. 5",
  "ABOVE YOUR TQUOTE BALANCE",
  "Slippage",
  "[aria-label] LP slippage tolerance",
  "0.5%",
  "1%",
  "2%",
  "5%",
  "1",
  "·",
  "QMT →P2",
  "2",
  "·",
  "P2 →QMT",
  "3",
  "·",
  "TQUOTE →P2",
  "4",
  "·",
  "P2 →TQUOTE",
  "5",
  "·",
  "Deposit",
  "[title] This wallet does not hold the deposit plus its 1% headroom.",
  "Not enough TQUOTE",
  "→ This wallet does not hold the deposit plus its 1% headroom.",
]
`;

exports[`Liquidity · english copy golden master > not enough of the quote asset 2`] = `"/// P-3YOUR LIQUIDITY · QMT/TQUOTEInfinity PositionManager · full range · 0.30% pool fee accrues to LPsPOOL DEPTH · TQUOTE50000000.00Ball LPs incl. genesisPOOL DEPTH · QMT5.00Mall LPs incl. genesisMY POSITION · TQUOTE00 positionsMY POSITION · QMT0withdrawable any timeTQUOTE TO DEPOSITABOVE YOUR TQUOTE BALANCESlippage0.5%1%2%5%1 · QMT →P22 · P2 →QMT3 · TQUOTE →P24 · P2 →TQUOTE5 · DepositNot enough TQUOTE→ This wallet does not hold the deposit plus its 1% headroom."`;

exports[`Liquidity · english copy golden master > not enough of the token 1`] = `
[
  "/// P-3",
  "YOUR LIQUIDITY · QMT/TQUOTE",
  "Infinity PositionManager · full range · 0.30% pool fee accrues to LPs",
  "POOL DEPTH · TQUOTE",
  "50000000.00B",
  "all LPs incl. genesis",
  "POOL DEPTH · QMT",
  "5.00M",
  "all LPs incl. genesis",
  "MY POSITION · TQUOTE",
  "0",
  "0 positions",
  "MY POSITION · QMT",
  "0",
  "withdrawable any time",
  "TQUOTE TO DEPOSIT",
  "[placeholder] e.g. 5",
  "NEEDS MORE QMT",
  "Slippage",
  "[aria-label] LP slippage tolerance",
  "0.5%",
  "1%",
  "2%",
  "5%",
  "1",
  "·",
  "QMT →P2",
  "2",
  "·",
  "P2 →QMT",
  "3",
  "·",
  "TQUOTE →P2",
  "4",
  "·",
  "P2 →TQUOTE",
  "5",
  "·",
  "Deposit",
  "[title] A full-range position funds both legs — this one needs 1.00e-9 QMT and the wallet holds 1.00e-18.",
  "Not enough QMT",
  "→ A full-range position funds both legs — this one needs 1.00e-9 QMT and the wallet holds 1.00e-18.",
]
`;

exports[`Liquidity · english copy golden master > not enough of the token 2`] = `"/// P-3YOUR LIQUIDITY · QMT/TQUOTEInfinity PositionManager · full range · 0.30% pool fee accrues to LPsPOOL DEPTH · TQUOTE50000000.00Ball LPs incl. genesisPOOL DEPTH · QMT5.00Mall LPs incl. genesisMY POSITION · TQUOTE00 positionsMY POSITION · QMT0withdrawable any timeTQUOTE TO DEPOSITNEEDS MORE QMTSlippage0.5%1%2%5%1 · QMT →P22 · P2 →QMT3 · TQUOTE →P24 · P2 →TQUOTE5 · DepositNot enough QMT→ A full-range position funds both legs — this one needs 1.00e-9 QMT and the wallet holds 1.00e-18."`;

exports[`Liquidity · english copy golden master > one open position, scan complete 1`] = `
[
  "/// P-3",
  "YOUR LIQUIDITY · QMT/TQUOTE",
  "Infinity PositionManager · full range · 0.30% pool fee accrues to LPs",
  "POOL DEPTH · TQUOTE",
  "50000000.00B",
  "all LPs incl. genesis",
  "POOL DEPTH · QMT",
  "5.00M",
  "all LPs incl. genesis",
  "MY POSITION · TQUOTE",
  "12.5",
  "1 position",
  "MY POSITION · QMT",
  "12",
  "withdrawable any time",
  "TQUOTE TO DEPOSIT",
  "[placeholder] e.g. 5",
  "FULL RANGE · BOTH LEGS REQUIRED · WITHDRAW ANY TIME",
  "Slippage",
  "[aria-label] LP slippage tolerance",
  "0.5%",
  "1%",
  "2%",
  "5%",
  "1",
  "·",
  "QMT →P2",
  "2",
  "·",
  "P2 →QMT",
  "3",
  "·",
  "TQUOTE →P2",
  "4",
  "·",
  "P2 →TQUOTE",
  "5",
  "·",
  "Deposit",
  "[title] Enter the amount of TQUOTE to put into the pool.",
  "Enter an amount",
  "→ Enter the amount of TQUOTE to put into the pool.",
  "// OPEN POSITIONS",
  "#",
  "42",
  "·",
  "12.5",
  "TQUOTE",
  "+",
  "12",
  "QMT",
  "Withdraw",
]
`;

exports[`Liquidity · english copy golden master > one open position, scan complete 2`] = `"/// P-3YOUR LIQUIDITY · QMT/TQUOTEInfinity PositionManager · full range · 0.30% pool fee accrues to LPsPOOL DEPTH · TQUOTE50000000.00Ball LPs incl. genesisPOOL DEPTH · QMT5.00Mall LPs incl. genesisMY POSITION · TQUOTE12.51 positionMY POSITION · QMT12withdrawable any timeTQUOTE TO DEPOSITFULL RANGE · BOTH LEGS REQUIRED · WITHDRAW ANY TIMESlippage0.5%1%2%5%1 · QMT →P22 · P2 →QMT3 · TQUOTE →P24 · P2 →TQUOTE5 · DepositEnter an amount→ Enter the amount of TQUOTE to put into the pool.// OPEN POSITIONS#42 · 12.5 TQUOTE + 12 QMTWithdraw"`;

exports[`Liquidity · english copy golden master > pool key bitmap unresolved 1`] = `
[
  "/// P-3",
  "YOUR LIQUIDITY · QMT/TQUOTE",
  "Infinity PositionManager · full range · 0.30% pool fee accrues to LPs",
  "POOL DEPTH · TQUOTE",
  "50000000.00B",
  "all LPs incl. genesis",
  "POOL DEPTH · QMT",
  "5.00M",
  "all LPs incl. genesis",
  "MY POSITION · TQUOTE",
  "0",
  "0 positions",
  "MY POSITION · QMT",
  "0",
  "withdrawable any time",
  "TQUOTE TO DEPOSIT",
  "[placeholder] e.g. 5",
  "PAIRS WITH 1.00e-9 QMT AT THE CURRENT PRICE",
  "Slippage",
  "[aria-label] LP slippage tolerance",
  "0.5%",
  "1%",
  "2%",
  "5%",
  "1",
  "·",
  "QMT →P2",
  "2",
  "·",
  "P2 →QMT",
  "3",
  "·",
  "TQUOTE →P2",
  "4",
  "·",
  "P2 →TQUOTE",
  "5",
  "·",
  "Deposit",
  "[title] The hook’s permission bitmap has not come back yet, and a PoolKey cannot be encoded without it.",
  "Reading the pool key…",
  "→ The hook’s permission bitmap has not come back yet, and a PoolKey cannot be encoded without it.",
]
`;

exports[`Liquidity · english copy golden master > pool key bitmap unresolved 2`] = `"/// P-3YOUR LIQUIDITY · QMT/TQUOTEInfinity PositionManager · full range · 0.30% pool fee accrues to LPsPOOL DEPTH · TQUOTE50000000.00Ball LPs incl. genesisPOOL DEPTH · QMT5.00Mall LPs incl. genesisMY POSITION · TQUOTE00 positionsMY POSITION · QMT0withdrawable any timeTQUOTE TO DEPOSITPAIRS WITH 1.00e-9 QMT AT THE CURRENT PRICESlippage0.5%1%2%5%1 · QMT →P22 · P2 →QMT3 · TQUOTE →P24 · P2 →TQUOTE5 · DepositReading the pool key…→ The hook’s permission bitmap has not come back yet, and a PoolKey cannot be encoded without it."`;

exports[`Liquidity · english copy golden master > pool price unavailable 1`] = `
[
  "/// P-3",
  "YOUR LIQUIDITY · QMT/TQUOTE",
  "Infinity PositionManager · full range · 0.30% pool fee accrues to LPs",
  "POOL DEPTH · TQUOTE",
  "0",
  "all LPs incl. genesis",
  "POOL DEPTH · QMT",
  "0",
  "all LPs incl. genesis",
  "MY POSITION · TQUOTE",
  "0",
  "0 positions",
  "MY POSITION · QMT",
  "0",
  "withdrawable any time",
  "TQUOTE TO DEPOSIT",
  "[placeholder] e.g. 5",
  "FULL RANGE · BOTH LEGS REQUIRED · WITHDRAW ANY TIME",
  "Slippage",
  "[aria-label] LP slippage tolerance",
  "0.5%",
  "1%",
  "2%",
  "5%",
  "1",
  "·",
  "QMT →P2",
  "2",
  "·",
  "P2 →QMT",
  "3",
  "·",
  "TQUOTE →P2",
  "4",
  "·",
  "P2 →TQUOTE",
  "5",
  "·",
  "Deposit",
  "[title] The pool price has not come back yet, and a full-range position cannot be sized without it.",
  "Pool price unavailable",
  "→ The pool price has not come back yet, and a full-range position cannot be sized without it.",
]
`;

exports[`Liquidity · english copy golden master > pool price unavailable 2`] = `"/// P-3YOUR LIQUIDITY · QMT/TQUOTEInfinity PositionManager · full range · 0.30% pool fee accrues to LPsPOOL DEPTH · TQUOTE0all LPs incl. genesisPOOL DEPTH · QMT0all LPs incl. genesisMY POSITION · TQUOTE00 positionsMY POSITION · QMT0withdrawable any timeTQUOTE TO DEPOSITFULL RANGE · BOTH LEGS REQUIRED · WITHDRAW ANY TIMESlippage0.5%1%2%5%1 · QMT →P22 · P2 →QMT3 · TQUOTE →P24 · P2 →TQUOTE5 · DepositPool price unavailable→ The pool price has not come back yet, and a full-range position cannot be sized without it."`;

exports[`Liquidity · english copy golden master > ready to deposit 1`] = `
[
  "/// P-3",
  "YOUR LIQUIDITY · QMT/TQUOTE",
  "Infinity PositionManager · full range · 0.30% pool fee accrues to LPs",
  "POOL DEPTH · TQUOTE",
  "50000000.00B",
  "all LPs incl. genesis",
  "POOL DEPTH · QMT",
  "5.00M",
  "all LPs incl. genesis",
  "MY POSITION · TQUOTE",
  "0",
  "0 positions",
  "MY POSITION · QMT",
  "0",
  "withdrawable any time",
  "TQUOTE TO DEPOSIT",
  "[placeholder] e.g. 5",
  "PAIRS WITH 1.00e-9 QMT AT THE CURRENT PRICE",
  "Slippage",
  "[aria-label] LP slippage tolerance",
  "0.5%",
  "1%",
  "2%",
  "5%",
  "1",
  "·",
  "QMT →P2",
  "2",
  "·",
  "P2 →QMT",
  "3",
  "·",
  "TQUOTE →P2",
  "4",
  "·",
  "P2 →TQUOTE",
  "5",
  "·",
  "Deposit",
  "Step 3 of 3 — deposit into the pool",
]
`;

exports[`Liquidity · english copy golden master > ready to deposit 2`] = `"/// P-3YOUR LIQUIDITY · QMT/TQUOTEInfinity PositionManager · full range · 0.30% pool fee accrues to LPsPOOL DEPTH · TQUOTE50000000.00Ball LPs incl. genesisPOOL DEPTH · QMT5.00Mall LPs incl. genesisMY POSITION · TQUOTE00 positionsMY POSITION · QMT0withdrawable any timeTQUOTE TO DEPOSITPAIRS WITH 1.00e-9 QMT AT THE CURRENT PRICESlippage0.5%1%2%5%1 · QMT →P22 · P2 →QMT3 · TQUOTE →P24 · P2 →TQUOTE5 · DepositStep 3 of 3 — deposit into the pool"`;

exports[`Liquidity · english copy golden master > scan covers days, as on mainnet 1`] = `
[
  "/// P-3",
  "YOUR LIQUIDITY · QMT/TQUOTE",
  "Infinity PositionManager · full range · 0.30% pool fee accrues to LPs",
  "POOL DEPTH · TQUOTE",
  "50000000.00B",
  "all LPs incl. genesis",
  "POOL DEPTH · QMT",
  "5.00M",
  "all LPs incl. genesis",
  "MY POSITION · TQUOTE",
  "0",
  "0 positions",
  "MY POSITION · QMT",
  "0",
  "withdrawable any time",
  "TQUOTE TO DEPOSIT",
  "[placeholder] e.g. 5",
  "FULL RANGE · BOTH LEGS REQUIRED · WITHDRAW ANY TIME",
  "Slippage",
  "[aria-label] LP slippage tolerance",
  "0.5%",
  "1%",
  "2%",
  "5%",
  "1",
  "·",
  "QMT →P2",
  "2",
  "·",
  "P2 →QMT",
  "3",
  "·",
  "TQUOTE →P2",
  "4",
  "·",
  "P2 →TQUOTE",
  "5",
  "·",
  "Deposit",
  "[title] Enter the amount of TQUOTE to put into the pool.",
  "Enter an amount",
  "→ Enter the amount of TQUOTE to put into the pool.",
  "//",
  "Position discovery scans the last 10 days of transfers. Anything older, minted from another browser, is not listed here — it remains yours on-chain and withdrawable through any PancakeSwap Infinity interface.",
]
`;

exports[`Liquidity · english copy golden master > scan covers days, as on mainnet 2`] = `"/// P-3YOUR LIQUIDITY · QMT/TQUOTEInfinity PositionManager · full range · 0.30% pool fee accrues to LPsPOOL DEPTH · TQUOTE50000000.00Ball LPs incl. genesisPOOL DEPTH · QMT5.00Mall LPs incl. genesisMY POSITION · TQUOTE00 positionsMY POSITION · QMT0withdrawable any timeTQUOTE TO DEPOSITFULL RANGE · BOTH LEGS REQUIRED · WITHDRAW ANY TIMESlippage0.5%1%2%5%1 · QMT →P22 · P2 →QMT3 · TQUOTE →P24 · P2 →TQUOTE5 · DepositEnter an amount→ Enter the amount of TQUOTE to put into the pool.// Position discovery scans the last 10 days of transfers. Anything older, minted from another browser, is not listed here — it remains yours on-chain and withdrawable through any PancakeSwap Infinity interface."`;

exports[`Liquidity · english copy golden master > scan covers hours 1`] = `
[
  "/// P-3",
  "YOUR LIQUIDITY · QMT/TQUOTE",
  "Infinity PositionManager · full range · 0.30% pool fee accrues to LPs",
  "POOL DEPTH · TQUOTE",
  "50000000.00B",
  "all LPs incl. genesis",
  "POOL DEPTH · QMT",
  "5.00M",
  "all LPs incl. genesis",
  "MY POSITION · TQUOTE",
  "12.5",
  "1 position",
  "MY POSITION · QMT",
  "12",
  "withdrawable any time",
  "TQUOTE TO DEPOSIT",
  "[placeholder] e.g. 5",
  "FULL RANGE · BOTH LEGS REQUIRED · WITHDRAW ANY TIME",
  "Slippage",
  "[aria-label] LP slippage tolerance",
  "0.5%",
  "1%",
  "2%",
  "5%",
  "1",
  "·",
  "QMT →P2",
  "2",
  "·",
  "P2 →QMT",
  "3",
  "·",
  "TQUOTE →P2",
  "4",
  "·",
  "P2 →TQUOTE",
  "5",
  "·",
  "Deposit",
  "[title] Enter the amount of TQUOTE to put into the pool.",
  "Enter an amount",
  "→ Enter the amount of TQUOTE to put into the pool.",
  "// OPEN POSITIONS",
  "#",
  "42",
  "·",
  "12.5",
  "TQUOTE",
  "+",
  "12",
  "QMT",
  "Withdraw",
  "//",
  "Position discovery scans the last 36 hours of transfers. Anything older, minted from another browser, is not listed here — it remains yours on-chain and withdrawable through any PancakeSwap Infinity interface.",
]
`;

exports[`Liquidity · english copy golden master > scan covers hours 2`] = `"/// P-3YOUR LIQUIDITY · QMT/TQUOTEInfinity PositionManager · full range · 0.30% pool fee accrues to LPsPOOL DEPTH · TQUOTE50000000.00Ball LPs incl. genesisPOOL DEPTH · QMT5.00Mall LPs incl. genesisMY POSITION · TQUOTE12.51 positionMY POSITION · QMT12withdrawable any timeTQUOTE TO DEPOSITFULL RANGE · BOTH LEGS REQUIRED · WITHDRAW ANY TIMESlippage0.5%1%2%5%1 · QMT →P22 · P2 →QMT3 · TQUOTE →P24 · P2 →TQUOTE5 · DepositEnter an amount→ Enter the amount of TQUOTE to put into the pool.// OPEN POSITIONS#42 · 12.5 TQUOTE + 12 QMTWithdraw// Position discovery scans the last 36 hours of transfers. Anything older, minted from another browser, is not listed here — it remains yours on-chain and withdrawable through any PancakeSwap Infinity interface."`;

exports[`Liquidity · english copy golden master > step 1 · approve the token for Permit2 1`] = `
[
  "/// P-3",
  "YOUR LIQUIDITY · QMT/TQUOTE",
  "Infinity PositionManager · full range · 0.30% pool fee accrues to LPs",
  "POOL DEPTH · TQUOTE",
  "50000000.00B",
  "all LPs incl. genesis",
  "POOL DEPTH · QMT",
  "5.00M",
  "all LPs incl. genesis",
  "MY POSITION · TQUOTE",
  "0",
  "0 positions",
  "MY POSITION · QMT",
  "0",
  "withdrawable any time",
  "TQUOTE TO DEPOSIT",
  "[placeholder] e.g. 5",
  "PAIRS WITH 1.00e-9 QMT AT THE CURRENT PRICE",
  "Slippage",
  "[aria-label] LP slippage tolerance",
  "0.5%",
  "1%",
  "2%",
  "5%",
  "1",
  "·",
  "QMT →P2",
  "2",
  "·",
  "P2 →QMT",
  "3",
  "·",
  "TQUOTE →P2",
  "4",
  "·",
  "P2 →TQUOTE",
  "5",
  "·",
  "Deposit",
  "Step 1 of 5 — approve QMT for Permit2",
  "→ Permit2 needs a one-time allowance on QMT before it can move the token leg of the position.",
]
`;

exports[`Liquidity · english copy golden master > step 1 · approve the token for Permit2 2`] = `"/// P-3YOUR LIQUIDITY · QMT/TQUOTEInfinity PositionManager · full range · 0.30% pool fee accrues to LPsPOOL DEPTH · TQUOTE50000000.00Ball LPs incl. genesisPOOL DEPTH · QMT5.00Mall LPs incl. genesisMY POSITION · TQUOTE00 positionsMY POSITION · QMT0withdrawable any timeTQUOTE TO DEPOSITPAIRS WITH 1.00e-9 QMT AT THE CURRENT PRICESlippage0.5%1%2%5%1 · QMT →P22 · P2 →QMT3 · TQUOTE →P24 · P2 →TQUOTE5 · DepositStep 1 of 5 — approve QMT for Permit2→ Permit2 needs a one-time allowance on QMT before it can move the token leg of the position."`;

exports[`Liquidity · english copy golden master > step 2 · let Permit2 spend the token 1`] = `
[
  "/// P-3",
  "YOUR LIQUIDITY · QMT/TQUOTE",
  "Infinity PositionManager · full range · 0.30% pool fee accrues to LPs",
  "POOL DEPTH · TQUOTE",
  "50000000.00B",
  "all LPs incl. genesis",
  "POOL DEPTH · QMT",
  "5.00M",
  "all LPs incl. genesis",
  "MY POSITION · TQUOTE",
  "0",
  "0 positions",
  "MY POSITION · QMT",
  "0",
  "withdrawable any time",
  "TQUOTE TO DEPOSIT",
  "[placeholder] e.g. 5",
  "PAIRS WITH 1.00e-9 QMT AT THE CURRENT PRICE",
  "Slippage",
  "[aria-label] LP slippage tolerance",
  "0.5%",
  "1%",
  "2%",
  "5%",
  "1",
  "·",
  "QMT →P2",
  "2",
  "·",
  "P2 →QMT",
  "3",
  "·",
  "TQUOTE →P2",
  "4",
  "·",
  "P2 →TQUOTE",
  "5",
  "·",
  "Deposit",
  "Step 2 of 5 — let Permit2 spend your QMT",
  "→ Permit2 holds the QMT allowance but has not been told the position manager may draw on it.",
]
`;

exports[`Liquidity · english copy golden master > step 2 · let Permit2 spend the token 2`] = `"/// P-3YOUR LIQUIDITY · QMT/TQUOTEInfinity PositionManager · full range · 0.30% pool fee accrues to LPsPOOL DEPTH · TQUOTE50000000.00Ball LPs incl. genesisPOOL DEPTH · QMT5.00Mall LPs incl. genesisMY POSITION · TQUOTE00 positionsMY POSITION · QMT0withdrawable any timeTQUOTE TO DEPOSITPAIRS WITH 1.00e-9 QMT AT THE CURRENT PRICESlippage0.5%1%2%5%1 · QMT →P22 · P2 →QMT3 · TQUOTE →P24 · P2 →TQUOTE5 · DepositStep 2 of 5 — let Permit2 spend your QMT→ Permit2 holds the QMT allowance but has not been told the position manager may draw on it."`;

exports[`Liquidity · english copy golden master > step 3 · approve the quote asset for Permit2 1`] = `
[
  "/// P-3",
  "YOUR LIQUIDITY · QMT/TQUOTE",
  "Infinity PositionManager · full range · 0.30% pool fee accrues to LPs",
  "POOL DEPTH · TQUOTE",
  "50000000.00B",
  "all LPs incl. genesis",
  "POOL DEPTH · QMT",
  "5.00M",
  "all LPs incl. genesis",
  "MY POSITION · TQUOTE",
  "0",
  "0 positions",
  "MY POSITION · QMT",
  "0",
  "withdrawable any time",
  "TQUOTE TO DEPOSIT",
  "[placeholder] e.g. 5",
  "PAIRS WITH 1.00e-9 QMT AT THE CURRENT PRICE",
  "Slippage",
  "[aria-label] LP slippage tolerance",
  "0.5%",
  "1%",
  "2%",
  "5%",
  "1",
  "·",
  "QMT →P2",
  "2",
  "·",
  "P2 →QMT",
  "3",
  "·",
  "TQUOTE →P2",
  "4",
  "·",
  "P2 →TQUOTE",
  "5",
  "·",
  "Deposit",
  "Step 3 of 5 — approve TQUOTE for Permit2",
  "→ The other leg is TQUOTE now rather than the chain's own coin, so it is pulled like the token instead of being sent with the transaction. Permit2 needs its own one-time allowance on it.",
]
`;

exports[`Liquidity · english copy golden master > step 3 · approve the quote asset for Permit2 2`] = `"/// P-3YOUR LIQUIDITY · QMT/TQUOTEInfinity PositionManager · full range · 0.30% pool fee accrues to LPsPOOL DEPTH · TQUOTE50000000.00Ball LPs incl. genesisPOOL DEPTH · QMT5.00Mall LPs incl. genesisMY POSITION · TQUOTE00 positionsMY POSITION · QMT0withdrawable any timeTQUOTE TO DEPOSITPAIRS WITH 1.00e-9 QMT AT THE CURRENT PRICESlippage0.5%1%2%5%1 · QMT →P22 · P2 →QMT3 · TQUOTE →P24 · P2 →TQUOTE5 · DepositStep 3 of 5 — approve TQUOTE for Permit2→ The other leg is TQUOTE now rather than the chain's own coin, so it is pulled like the token instead of being sent with the transaction. Permit2 needs its own one-time allowance on it."`;

exports[`Liquidity · english copy golden master > step 4 · let Permit2 spend the quote asset 1`] = `
[
  "/// P-3",
  "YOUR LIQUIDITY · QMT/TQUOTE",
  "Infinity PositionManager · full range · 0.30% pool fee accrues to LPs",
  "POOL DEPTH · TQUOTE",
  "50000000.00B",
  "all LPs incl. genesis",
  "POOL DEPTH · QMT",
  "5.00M",
  "all LPs incl. genesis",
  "MY POSITION · TQUOTE",
  "0",
  "0 positions",
  "MY POSITION · QMT",
  "0",
  "withdrawable any time",
  "TQUOTE TO DEPOSIT",
  "[placeholder] e.g. 5",
  "PAIRS WITH 1.00e-9 QMT AT THE CURRENT PRICE",
  "Slippage",
  "[aria-label] LP slippage tolerance",
  "0.5%",
  "1%",
  "2%",
  "5%",
  "1",
  "·",
  "QMT →P2",
  "2",
  "·",
  "P2 →QMT",
  "3",
  "·",
  "TQUOTE →P2",
  "4",
  "·",
  "P2 →TQUOTE",
  "5",
  "·",
  "Deposit",
  "Step 4 of 5 — let Permit2 spend your TQUOTE",
  "→ Same as step 2, for the TQUOTE leg: Permit2 grants the position manager a spending window per token, and this one has either expired or was never opened.",
]
`;

exports[`Liquidity · english copy golden master > step 4 · let Permit2 spend the quote asset 2`] = `"/// P-3YOUR LIQUIDITY · QMT/TQUOTEInfinity PositionManager · full range · 0.30% pool fee accrues to LPsPOOL DEPTH · TQUOTE50000000.00Ball LPs incl. genesisPOOL DEPTH · QMT5.00Mall LPs incl. genesisMY POSITION · TQUOTE00 positionsMY POSITION · QMT0withdrawable any timeTQUOTE TO DEPOSITPAIRS WITH 1.00e-9 QMT AT THE CURRENT PRICESlippage0.5%1%2%5%1 · QMT →P22 · P2 →QMT3 · TQUOTE →P24 · P2 →TQUOTE5 · DepositStep 4 of 5 — let Permit2 spend your TQUOTE→ Same as step 2, for the TQUOTE leg: Permit2 grants the position manager a spending window per token, and this one has either expired or was never opened."`;

exports[`Liquidity · english copy golden master > token address still loading 1`] = `
[
  "/// P-3",
  "YOUR LIQUIDITY · QMT/TQUOTE",
  "Infinity PositionManager · full range · 0.30% pool fee accrues to LPs",
  "POOL DEPTH · TQUOTE",
  "50000000.00B",
  "all LPs incl. genesis",
  "POOL DEPTH · QMT",
  "5.00M",
  "all LPs incl. genesis",
  "MY POSITION · TQUOTE",
  "0",
  "0 positions",
  "MY POSITION · QMT",
  "0",
  "withdrawable any time",
  "TQUOTE TO DEPOSIT",
  "[placeholder] e.g. 5",
  "PAIRS WITH 1.00e-9 QMT AT THE CURRENT PRICE",
  "Slippage",
  "[aria-label] LP slippage tolerance",
  "0.5%",
  "1%",
  "2%",
  "5%",
  "1",
  "·",
  "QMT →P2",
  "2",
  "·",
  "P2 →QMT",
  "3",
  "·",
  "TQUOTE →P2",
  "4",
  "·",
  "P2 →TQUOTE",
  "5",
  "·",
  "Deposit",
  "[title] Still reading this project’s token address.",
  "Loading the token…",
  "→ Still reading this project’s token address.",
]
`;

exports[`Liquidity · english copy golden master > token address still loading 2`] = `"/// P-3YOUR LIQUIDITY · QMT/TQUOTEInfinity PositionManager · full range · 0.30% pool fee accrues to LPsPOOL DEPTH · TQUOTE50000000.00Ball LPs incl. genesisPOOL DEPTH · QMT5.00Mall LPs incl. genesisMY POSITION · TQUOTE00 positionsMY POSITION · QMT0withdrawable any timeTQUOTE TO DEPOSITPAIRS WITH 1.00e-9 QMT AT THE CURRENT PRICESlippage0.5%1%2%5%1 · QMT →P22 · P2 →QMT3 · TQUOTE →P24 · P2 →TQUOTE5 · DepositLoading the token…→ Still reading this project’s token address."`;

exports[`Liquidity · english copy golden master > too small to mint liquidity 1`] = `
[
  "/// P-3",
  "YOUR LIQUIDITY · QMT/TQUOTE",
  "Infinity PositionManager · full range · 0.30% pool fee accrues to LPs",
  "POOL DEPTH · TQUOTE",
  "1.40737488355328e+22B",
  "all LPs incl. genesis",
  "POOL DEPTH · QMT",
  "1.78e-8",
  "all LPs incl. genesis",
  "MY POSITION · TQUOTE",
  "0",
  "0 positions",
  "MY POSITION · QMT",
  "0",
  "withdrawable any time",
  "TQUOTE TO DEPOSIT",
  "[placeholder] e.g. 5",
  "PAIRS WITH 0 QMT AT THE CURRENT PRICE",
  "Slippage",
  "[aria-label] LP slippage tolerance",
  "0.5%",
  "1%",
  "2%",
  "5%",
  "1",
  "·",
  "QMT →P2",
  "2",
  "·",
  "P2 →QMT",
  "3",
  "·",
  "TQUOTE →P2",
  "4",
  "·",
  "P2 →TQUOTE",
  "5",
  "·",
  "Deposit",
  "[title] That deposit is too small to add any liquidity at the current price. Raise it.",
  "Amount too small",
  "→ That deposit is too small to add any liquidity at the current price. Raise it.",
]
`;

exports[`Liquidity · english copy golden master > too small to mint liquidity 2`] = `"/// P-3YOUR LIQUIDITY · QMT/TQUOTEInfinity PositionManager · full range · 0.30% pool fee accrues to LPsPOOL DEPTH · TQUOTE1.40737488355328e+22Ball LPs incl. genesisPOOL DEPTH · QMT1.78e-8all LPs incl. genesisMY POSITION · TQUOTE00 positionsMY POSITION · QMT0withdrawable any timeTQUOTE TO DEPOSITPAIRS WITH 0 QMT AT THE CURRENT PRICESlippage0.5%1%2%5%1 · QMT →P22 · P2 →QMT3 · TQUOTE →P24 · P2 →TQUOTE5 · DepositAmount too small→ That deposit is too small to add any liquidity at the current price. Raise it."`;

exports[`Liquidity · english copy golden master > two open positions, logs unavailable 1`] = `
[
  "/// P-3",
  "YOUR LIQUIDITY · QMT/TQUOTE",
  "Infinity PositionManager · full range · 0.30% pool fee accrues to LPs",
  "POOL DEPTH · TQUOTE",
  "50000000.00B",
  "all LPs incl. genesis",
  "POOL DEPTH · QMT",
  "5.00M",
  "all LPs incl. genesis",
  "MY POSITION · TQUOTE",
  "15.5",
  "2 positions",
  "MY POSITION · QMT",
  "15",
  "withdrawable any time",
  "TQUOTE TO DEPOSIT",
  "[placeholder] e.g. 5",
  "FULL RANGE · BOTH LEGS REQUIRED · WITHDRAW ANY TIME",
  "Slippage",
  "[aria-label] LP slippage tolerance",
  "0.5%",
  "1%",
  "2%",
  "5%",
  "1",
  "·",
  "QMT →P2",
  "2",
  "·",
  "P2 →QMT",
  "3",
  "·",
  "TQUOTE →P2",
  "4",
  "·",
  "P2 →TQUOTE",
  "5",
  "·",
  "Deposit",
  "[title] Enter the amount of TQUOTE to put into the pool.",
  "Enter an amount",
  "→ Enter the amount of TQUOTE to put into the pool.",
  "// OPEN POSITIONS",
  "#",
  "42",
  "·",
  "12.5",
  "TQUOTE",
  "+",
  "12",
  "QMT",
  "Withdraw",
  "#",
  "43",
  "·",
  "3",
  "TQUOTE",
  "+",
  "3",
  "QMT",
  "Withdraw",
  "//",
  "This RPC would not serve position logs, so only positions minted from this browser are listed. Your other positions are safe on-chain and remain withdrawable through any PancakeSwap Infinity interface.",
]
`;

exports[`Liquidity · english copy golden master > two open positions, logs unavailable 2`] = `"/// P-3YOUR LIQUIDITY · QMT/TQUOTEInfinity PositionManager · full range · 0.30% pool fee accrues to LPsPOOL DEPTH · TQUOTE50000000.00Ball LPs incl. genesisPOOL DEPTH · QMT5.00Mall LPs incl. genesisMY POSITION · TQUOTE15.52 positionsMY POSITION · QMT15withdrawable any timeTQUOTE TO DEPOSITFULL RANGE · BOTH LEGS REQUIRED · WITHDRAW ANY TIMESlippage0.5%1%2%5%1 · QMT →P22 · P2 →QMT3 · TQUOTE →P24 · P2 →TQUOTE5 · DepositEnter an amount→ Enter the amount of TQUOTE to put into the pool.// OPEN POSITIONS#42 · 12.5 TQUOTE + 12 QMTWithdraw#43 · 3 TQUOTE + 3 QMTWithdraw// This RPC would not serve position logs, so only positions minted from this browser are listed. Your other positions are safe on-chain and remain withdrawable through any PancakeSwap Infinity interface."`;

exports[`Liquidity · english copy golden master > wallet reads in flight 1`] = `
[
  "/// P-3",
  "YOUR LIQUIDITY · QMT/TQUOTE",
  "Infinity PositionManager · full range · 0.30% pool fee accrues to LPs",
  "POOL DEPTH · TQUOTE",
  "50000000.00B",
  "all LPs incl. genesis",
  "POOL DEPTH · QMT",
  "5.00M",
  "all LPs incl. genesis",
  "MY POSITION · TQUOTE",
  "0",
  "0 positions",
  "MY POSITION · QMT",
  "0",
  "withdrawable any time",
  "TQUOTE TO DEPOSIT",
  "[placeholder] e.g. 5",
  "PAIRS WITH 1.00e-9 QMT AT THE CURRENT PRICE",
  "Slippage",
  "[aria-label] LP slippage tolerance",
  "0.5%",
  "1%",
  "2%",
  "5%",
  "1",
  "·",
  "QMT →P2",
  "2",
  "·",
  "P2 →QMT",
  "3",
  "·",
  "TQUOTE →P2",
  "4",
  "·",
  "P2 →TQUOTE",
  "5",
  "·",
  "Deposit",
  "[title] Still reading this wallet’s QMT balance and Permit2 allowances. The next step depends on both, so it is named once they land rather than guessed now.",
  "Reading your wallet…",
  "→ Still reading this wallet’s QMT balance and Permit2 allowances. The next step depends on both, so it is named once they land rather than guessed now.",
]
`;

exports[`Liquidity · english copy golden master > wallet reads in flight 2`] = `"/// P-3YOUR LIQUIDITY · QMT/TQUOTEInfinity PositionManager · full range · 0.30% pool fee accrues to LPsPOOL DEPTH · TQUOTE50000000.00Ball LPs incl. genesisPOOL DEPTH · QMT5.00Mall LPs incl. genesisMY POSITION · TQUOTE00 positionsMY POSITION · QMT0withdrawable any timeTQUOTE TO DEPOSITPAIRS WITH 1.00e-9 QMT AT THE CURRENT PRICESlippage0.5%1%2%5%1 · QMT →P22 · P2 →QMT3 · TQUOTE →P24 · P2 →TQUOTE5 · DepositReading your wallet…→ Still reading this wallet’s QMT balance and Permit2 allowances. The next step depends on both, so it is named once they land rather than guessed now."`;
