// Vitest Snapshot v1, https://vitest.dev/guide/snapshot.html

exports[`UserDrawer · english copy golden master > banned for good 1`] = `
[
  "[aria-label] close drawer",
  "My Profile",
  "BNB Smart Chain · testnet",
  "[aria-label] close",
  "×",
  "35",
  "0x35b2…874a",
  "[title] Re-open wallet account picker (EIP-2255)",
  "Switch",
  "[title] Terminate wagmi session for this address",
  "Disconnect",
  "POG REMAINING · THIS WINDOW",
  "BLACKLISTED",
  "Per-window Allocation",
  "1,000 TQUOTE",
  "Spent This Window",
  "—",
  "// every deposit is rejected while the ban stands · permanent · no expiry",
  "Cooldown Matrix",
  "READY TO DEPOSIT",
  "/// Participated Assets",
  "/",
  "no genesis deposits detected ·",
  "deposit TQUOTE in any live genesis window, then claim after launch()",
  "REFERRAL LEDGER",
  "Commission from every project, and the claims",
  "v4.3 ·",
  "BNB Smart Chain · testnet",
  "esc · click_outside",
]
`;

exports[`UserDrawer · english copy golden master > banned for good 2`] = `"My ProfileBNB Smart Chain · testnet×350x35b2…874aSwitchDisconnectPOG REMAINING · THIS WINDOWBLACKLISTEDPer-window Allocation1,000 TQUOTESpent This Window—// every deposit is rejected while the ban stands · permanent · no expiryCooldown MatrixREADY TO DEPOSIT/// Participated Assets/ no genesis deposits detected · deposit TQUOTE in any live genesis window, then claim after launch()REFERRAL LEDGERCommission from every project, and the claimsv4.3 · BNB Smart Chain · testnetesc · click_outside"`;

exports[`UserDrawer · english copy golden master > banned until a date 1`] = `
[
  "[aria-label] close drawer",
  "My Profile",
  "BNB Smart Chain · testnet",
  "[aria-label] close",
  "×",
  "35",
  "0x35b2…874a",
  "[title] Re-open wallet account picker (EIP-2255)",
  "Switch",
  "[title] Terminate wagmi session for this address",
  "Disconnect",
  "POG REMAINING · THIS WINDOW",
  "BLACKLISTED",
  "Per-window Allocation",
  "1,000 TQUOTE",
  "Spent This Window",
  "—",
  "// every deposit is rejected while the ban stands · lifts 2027-01-18 08:00 utc",
  "Cooldown Matrix",
  "READY TO DEPOSIT",
  "/// Participated Assets",
  "/",
  "no genesis deposits detected ·",
  "deposit TQUOTE in any live genesis window, then claim after launch()",
  "REFERRAL LEDGER",
  "Commission from every project, and the claims",
  "v4.3 ·",
  "BNB Smart Chain · testnet",
  "esc · click_outside",
]
`;

exports[`UserDrawer · english copy golden master > banned until a date 2`] = `"My ProfileBNB Smart Chain · testnet×350x35b2…874aSwitchDisconnectPOG REMAINING · THIS WINDOWBLACKLISTEDPer-window Allocation1,000 TQUOTESpent This Window—// every deposit is rejected while the ban stands · lifts 2027-01-18 08:00 utcCooldown MatrixREADY TO DEPOSIT/// Participated Assets/ no genesis deposits detected · deposit TQUOTE in any live genesis window, then claim after launch()REFERRAL LEDGERCommission from every project, and the claimsv4.3 · BNB Smart Chain · testnetesc · click_outside"`;

exports[`UserDrawer · english copy golden master > claim awaiting signature 1`] = `
[
  "[aria-label] close drawer",
  "My Profile",
  "BNB Smart Chain · testnet",
  "[aria-label] close",
  "×",
  "35",
  "0x35b2…874a",
  "[title] Re-open wallet account picker (EIP-2255)",
  "Switch",
  "[title] Terminate wagmi session for this address",
  "Disconnect",
  "POG REMAINING · THIS WINDOW",
  "400",
  "TQUOTE",
  "Per-window Allocation",
  "1,000 TQUOTE",
  "Spent This Window",
  "600 TQUOTE",
  "// refills every 24h · refunds never credit it back",
  "Cooldown Matrix",
  "READY TO DEPOSIT",
  "/// Participated Assets",
  "$",
  "CLM",
  "/",
  "0x0000…0001",
  "CURVE",
  "DEPOSITED",
  "100 TQUOTE",
  "CLAIMABLE",
  "840,000",
  "CLM",
  "[ SIGN… ]",
  "REFERRAL LEDGER",
  "Commission from every project, and the claims",
  "v4.3 ·",
  "BNB Smart Chain · testnet",
  "esc · click_outside",
]
`;

exports[`UserDrawer · english copy golden master > claim awaiting signature 2`] = `"My ProfileBNB Smart Chain · testnet×350x35b2…874aSwitchDisconnectPOG REMAINING · THIS WINDOW400TQUOTEPer-window Allocation1,000 TQUOTESpent This Window600 TQUOTE// refills every 24h · refunds never credit it backCooldown MatrixREADY TO DEPOSIT/// Participated Assets$CLM/ 0x0000…0001CURVEDEPOSITED100 TQUOTECLAIMABLE840,000 CLM[ SIGN… ]REFERRAL LEDGERCommission from every project, and the claimsv4.3 · BNB Smart Chain · testnetesc · click_outside"`;

exports[`UserDrawer · english copy golden master > claim mining 1`] = `
[
  "[aria-label] close drawer",
  "My Profile",
  "BNB Smart Chain · testnet",
  "[aria-label] close",
  "×",
  "35",
  "0x35b2…874a",
  "[title] Re-open wallet account picker (EIP-2255)",
  "Switch",
  "[title] Terminate wagmi session for this address",
  "Disconnect",
  "POG REMAINING · THIS WINDOW",
  "400",
  "TQUOTE",
  "Per-window Allocation",
  "1,000 TQUOTE",
  "Spent This Window",
  "600 TQUOTE",
  "// refills every 24h · refunds never credit it back",
  "Cooldown Matrix",
  "READY TO DEPOSIT",
  "/// Participated Assets",
  "$",
  "CLM",
  "/",
  "0x0000…0001",
  "CURVE",
  "DEPOSITED",
  "100 TQUOTE",
  "CLAIMABLE",
  "840,000",
  "CLM",
  "[ MINING… ]",
  "REFERRAL LEDGER",
  "Commission from every project, and the claims",
  "v4.3 ·",
  "BNB Smart Chain · testnet",
  "esc · click_outside",
]
`;

exports[`UserDrawer · english copy golden master > claim mining 2`] = `"My ProfileBNB Smart Chain · testnet×350x35b2…874aSwitchDisconnectPOG REMAINING · THIS WINDOW400TQUOTEPer-window Allocation1,000 TQUOTESpent This Window600 TQUOTE// refills every 24h · refunds never credit it backCooldown MatrixREADY TO DEPOSIT/// Participated Assets$CLM/ 0x0000…0001CURVEDEPOSITED100 TQUOTECLAIMABLE840,000 CLM[ MINING… ]REFERRAL LEDGERCommission from every project, and the claimsv4.3 · BNB Smart Chain · testnetesc · click_outside"`;

exports[`UserDrawer · english copy golden master > cooldown lapsed 1`] = `
[
  "[aria-label] close drawer",
  "My Profile",
  "BNB Smart Chain · testnet",
  "[aria-label] close",
  "×",
  "35",
  "0x35b2…874a",
  "[title] Re-open wallet account picker (EIP-2255)",
  "Switch",
  "[title] Terminate wagmi session for this address",
  "Disconnect",
  "POG REMAINING · THIS WINDOW",
  "400",
  "TQUOTE",
  "Per-window Allocation",
  "1,000 TQUOTE",
  "Spent This Window",
  "600 TQUOTE",
  "// refills every 24h · refunds never credit it back",
  "Cooldown Matrix",
  "ACTIVE READY",
  "/// Participated Assets",
  "$",
  "GEN",
  "/",
  "0x0000…0001",
  "GENESIS",
  "DEPOSITED",
  "50 TQUOTE",
  "RAISE_TOTAL",
  "900",
  "REFERRAL LEDGER",
  "Commission from every project, and the claims",
  "v4.3 ·",
  "BNB Smart Chain · testnet",
  "esc · click_outside",
]
`;

exports[`UserDrawer · english copy golden master > cooldown lapsed 2`] = `"My ProfileBNB Smart Chain · testnet×350x35b2…874aSwitchDisconnectPOG REMAINING · THIS WINDOW400TQUOTEPer-window Allocation1,000 TQUOTESpent This Window600 TQUOTE// refills every 24h · refunds never credit it backCooldown MatrixACTIVE READY/// Participated Assets$GEN/ 0x0000…0001GENESISDEPOSITED50 TQUOTERAISE_TOTAL900REFERRAL LEDGERCommission from every project, and the claimsv4.3 · BNB Smart Chain · testnetesc · click_outside"`;

exports[`UserDrawer · english copy golden master > every position shape, on cooldown 1`] = `
[
  "[aria-label] close drawer",
  "My Profile",
  "BNB Smart Chain · testnet",
  "[aria-label] close",
  "×",
  "35",
  "0x35b2…874a",
  "[title] Re-open wallet account picker (EIP-2255)",
  "Switch",
  "[title] Terminate wagmi session for this address",
  "Disconnect",
  "POG REMAINING · THIS WINDOW",
  "400",
  "TQUOTE",
  "Per-window Allocation",
  "1,000 TQUOTE",
  "Spent This Window",
  "600 TQUOTE",
  "// refills every 24h · refunds never credit it back",
  "Cooldown Matrix",
  "ON COOLDOWN",
  "01:02:03_00",
  "/// Participated Assets",
  "$",
  "GEN",
  "/",
  "0x0000…0001",
  "GENESIS",
  "DEPOSITED",
  "50 TQUOTE",
  "RAISE_TOTAL",
  "900",
  "$",
  "CLM",
  "/",
  "0x0000…0002",
  "CURVE",
  "DEPOSITED",
  "100 TQUOTE",
  "CLAIMABLE",
  "840,000",
  "CLM",
  "[ CLAIM_TOKENS ]",
  "$",
  "DON",
  "/",
  "0x0000…0003",
  "CURVE",
  "DEPOSITED",
  "100 TQUOTE",
  "CLAIMABLE",
  "0",
  "DON",
  "[ TRANSFERRED_CLOSED ]",
  "$",
  "NIL",
  "/",
  "0x0000…0004",
  "CURVE",
  "DEPOSITED",
  "100 TQUOTE",
  "CLAIMABLE",
  "0",
  "NIL",
  "[ NO_ALLOCATION ]",
  "$",
  "???",
  "/",
  "0x0000…0005",
  "UNREAD",
  "DEPOSITED",
  "50 TQUOTE",
  "COULD NOT READ THIS LAUNCH — RETRYING. NOTHING BELOW IS A STATEMENT ABOUT YOUR BALANCE.",
  "REFERRAL LEDGER",
  "Commission from every project, and the claims",
  "v4.3 ·",
  "BNB Smart Chain · testnet",
  "esc · click_outside",
]
`;

exports[`UserDrawer · english copy golden master > every position shape, on cooldown 2`] = `"My ProfileBNB Smart Chain · testnet×350x35b2…874aSwitchDisconnectPOG REMAINING · THIS WINDOW400TQUOTEPer-window Allocation1,000 TQUOTESpent This Window600 TQUOTE// refills every 24h · refunds never credit it backCooldown MatrixON COOLDOWN01:02:03_00/// Participated Assets$GEN/ 0x0000…0001GENESISDEPOSITED50 TQUOTERAISE_TOTAL900$CLM/ 0x0000…0002CURVEDEPOSITED100 TQUOTECLAIMABLE840,000 CLM[ CLAIM_TOKENS ]$DON/ 0x0000…0003CURVEDEPOSITED100 TQUOTECLAIMABLE0 DON[ TRANSFERRED_CLOSED ]$NIL/ 0x0000…0004CURVEDEPOSITED100 TQUOTECLAIMABLE0 NIL[ NO_ALLOCATION ]$???/ 0x0000…0005UNREADDEPOSITED50 TQUOTECOULD NOT READ THIS LAUNCH — RETRYING. NOTHING BELOW IS A STATEMENT ABOUT YOUR BALANCE.REFERRAL LEDGERCommission from every project, and the claimsv4.3 · BNB Smart Chain · testnetesc · click_outside"`;

exports[`UserDrawer · english copy golden master > headroom, no positions 1`] = `
[
  "[aria-label] close drawer",
  "My Profile",
  "BNB Smart Chain · testnet",
  "[aria-label] close",
  "×",
  "35",
  "0x35b2…874a",
  "[title] Re-open wallet account picker (EIP-2255)",
  "Switch",
  "[title] Terminate wagmi session for this address",
  "Disconnect",
  "POG REMAINING · THIS WINDOW",
  "400",
  "TQUOTE",
  "Per-window Allocation",
  "1,000 TQUOTE",
  "Spent This Window",
  "600 TQUOTE",
  "// refills every 24h · refunds never credit it back",
  "Cooldown Matrix",
  "READY TO DEPOSIT",
  "/// Participated Assets",
  "/",
  "no genesis deposits detected ·",
  "deposit TQUOTE in any live genesis window, then claim after launch()",
  "REFERRAL LEDGER",
  "Commission from every project, and the claims",
  "v4.3 ·",
  "BNB Smart Chain · testnet",
  "esc · click_outside",
]
`;

exports[`UserDrawer · english copy golden master > headroom, no positions 2`] = `"My ProfileBNB Smart Chain · testnet×350x35b2…874aSwitchDisconnectPOG REMAINING · THIS WINDOW400TQUOTEPer-window Allocation1,000 TQUOTESpent This Window600 TQUOTE// refills every 24h · refunds never credit it backCooldown MatrixREADY TO DEPOSIT/// Participated Assets/ no genesis deposits detected · deposit TQUOTE in any live genesis window, then claim after launch()REFERRAL LEDGERCommission from every project, and the claimsv4.3 · BNB Smart Chain · testnetesc · click_outside"`;

exports[`UserDrawer · english copy golden master > never attested 1`] = `
[
  "[aria-label] close drawer",
  "My Profile",
  "BNB Smart Chain · testnet",
  "[aria-label] close",
  "×",
  "35",
  "0x35b2…874a",
  "[title] Re-open wallet account picker (EIP-2255)",
  "Switch",
  "[title] Terminate wagmi session for this address",
  "Disconnect",
  "POG REMAINING · THIS WINDOW",
  "NO ATTESTATION",
  "Per-window Allocation",
  "—",
  "Spent This Window",
  "—",
  "// no quota was ever issued to this wallet · register proof-of-gas to receive one",
  "Cooldown Matrix",
  "READY TO DEPOSIT",
  "/// Participated Assets",
  "/",
  "no genesis deposits detected ·",
  "deposit TQUOTE in any live genesis window, then claim after launch()",
  "REFERRAL LEDGER",
  "Commission from every project, and the claims",
  "v4.3 ·",
  "BNB Smart Chain · testnet",
  "esc · click_outside",
]
`;

exports[`UserDrawer · english copy golden master > never attested 2`] = `"My ProfileBNB Smart Chain · testnet×350x35b2…874aSwitchDisconnectPOG REMAINING · THIS WINDOWNO ATTESTATIONPer-window Allocation—Spent This Window—// no quota was ever issued to this wallet · register proof-of-gas to receive oneCooldown MatrixREADY TO DEPOSIT/// Participated Assets/ no genesis deposits detected · deposit TQUOTE in any live genesis window, then claim after launch()REFERRAL LEDGERCommission from every project, and the claimsv4.3 · BNB Smart Chain · testnetesc · click_outside"`;

exports[`UserDrawer · english copy golden master > no wallet, nothing on chain 1`] = `
[
  "[aria-label] close drawer",
  "My Profile",
  "BNB Smart Chain · testnet",
  "[aria-label] close",
  "×",
  "--",
  "—",
  "[title] Re-open wallet account picker (EIP-2255)",
  "Switch",
  "[title] Terminate wagmi session for this address",
  "Disconnect",
  "POG REMAINING · THIS WINDOW",
  "—",
  "TQUOTE",
  "Per-window Allocation",
  "— TQUOTE",
  "Spent This Window",
  "— TQUOTE",
  "// refills every 24h · refunds never credit it back",
  "Cooldown Matrix",
  "READY TO DEPOSIT",
  "/// Participated Assets",
  "/",
  "no genesis deposits detected ·",
  "deposit TQUOTE in any live genesis window, then claim after launch()",
  "REFERRAL LEDGER",
  "Commission from every project, and the claims",
  "v4.3 ·",
  "BNB Smart Chain · testnet",
  "esc · click_outside",
]
`;

exports[`UserDrawer · english copy golden master > no wallet, nothing on chain 2`] = `"My ProfileBNB Smart Chain · testnet×--—SwitchDisconnectPOG REMAINING · THIS WINDOW—TQUOTEPer-window Allocation— TQUOTESpent This Window— TQUOTE// refills every 24h · refunds never credit it backCooldown MatrixREADY TO DEPOSIT/// Participated Assets/ no genesis deposits detected · deposit TQUOTE in any live genesis window, then claim after launch()REFERRAL LEDGERCommission from every project, and the claimsv4.3 · BNB Smart Chain · testnetesc · click_outside"`;

exports[`UserDrawer · english copy golden master > scanning the registry 1`] = `
[
  "[aria-label] close drawer",
  "My Profile",
  "BNB Smart Chain · testnet",
  "[aria-label] close",
  "×",
  "35",
  "0x35b2…874a",
  "[title] Re-open wallet account picker (EIP-2255)",
  "Switch",
  "[title] Terminate wagmi session for this address",
  "Disconnect",
  "POG REMAINING · THIS WINDOW",
  "400",
  "TQUOTE",
  "Per-window Allocation",
  "1,000 TQUOTE",
  "Spent This Window",
  "600 TQUOTE",
  "// refills every 24h · refunds never credit it back",
  "Cooldown Matrix",
  "READY TO DEPOSIT",
  "/// Participated Assets",
  "/",
  "scanning on-chain registry…",
  "REFERRAL LEDGER",
  "Commission from every project, and the claims",
  "v4.3 ·",
  "BNB Smart Chain · testnet",
  "esc · click_outside",
]
`;

exports[`UserDrawer · english copy golden master > scanning the registry 2`] = `"My ProfileBNB Smart Chain · testnet×350x35b2…874aSwitchDisconnectPOG REMAINING · THIS WINDOW400TQUOTEPer-window Allocation1,000 TQUOTESpent This Window600 TQUOTE// refills every 24h · refunds never credit it backCooldown MatrixREADY TO DEPOSIT/// Participated Assets/ scanning on-chain registry…REFERRAL LEDGERCommission from every project, and the claimsv4.3 · BNB Smart Chain · testnetesc · click_outside"`;
