// Vitest Snapshot v1, https://vitest.dev/guide/snapshot.html

exports[`page metadata · english golden master > /projects 1`] = `
{
  "description": "Every launch on Tosh Protocol — open funding windows, launches awaiting their pool, and live shelf-ladder trading in TQUOTE on BNB Smart Chain.",
  "title": "Project Directory // ToshX",
}
`;

exports[`page metadata · english golden master > /referrals 1`] = `
{
  "description": "Commission earned across every Tosh Protocol launch — claimable balances, amounts still locked until launch, and wallets bound to you on BNB Smart Chain.",
  "title": "Referral Ledger // ToshX",
}
`;

exports[`page metadata · english golden master > 404 1`] = `
{
  "title": "ToshX // 404 // NO_SUCH_ROUTE",
}
`;

exports[`page metadata · english golden master > root layout 1`] = `
{
  "description": "The fair-launch terminal of the TapeOut ecosystem, built on PancakeSwap Infinity hooks. Proof-of-Gas gated genesis, 4000-rung shelf ladder, audit-cliff hardened. Denominated in TQUOTE, an 8-decimal ERC-20 standing in for the production quote asset, which has no testnet deployment. Settlement on BNB Smart Chain — currently staging on the public testnet.",
  "metadataBase": "https://toshx.xyz/",
  "openGraph": {
    "description": "The fair-launch terminal of the TapeOut ecosystem, built on PancakeSwap Infinity hooks. Proof-of-Gas gated genesis, 4000-rung shelf ladder, audit-cliff hardened. Denominated in TQUOTE, an 8-decimal ERC-20 standing in for the production quote asset, which has no testnet deployment. Settlement on BNB Smart Chain — currently staging on the public testnet.",
    "locale": "en_US",
    "siteName": "ToshX",
    "title": "ToshX — the fair-launch terminal of the TQUOTE ecosystem",
    "type": "website",
    "url": "https://toshx.xyz/",
  },
  "title": "ToshX",
  "twitter": {
    "card": "summary_large_image",
    "description": "The fair-launch terminal of the TapeOut ecosystem, built on PancakeSwap Infinity hooks. Proof-of-Gas gated genesis, 4000-rung shelf ladder, audit-cliff hardened. Denominated in TQUOTE, an 8-decimal ERC-20 standing in for the production quote asset, which has no testnet deployment. Settlement on BNB Smart Chain — currently staging on the public testnet.",
    "title": "ToshX — the fair-launch terminal of the TQUOTE ecosystem",
  },
}
`;
